// Vitest Snapshot v1, https://vitest.dev/guide/snapshot.html

exports[`components/layout/LayoutFooter.vue > render 1`] = `
"<footer class="el-footer w-full min-h-[60px] bg-[--bg-color] fixed z-[2] bottom-0">
  <div class="flex justify-between h-full pt-[10px] pb-[10px]">
    <div>Â©2024 Fenyu</div>
  </div>
</footer>"
`;
